mode: set
sql/test/stringDistance.go:3.42,5.2 1 1
sql/test/stringDistance.go:7.32,9.22 2 1
sql/test/stringDistance.go:9.22,11.3 1 1
sql/test/stringDistance.go:12.2,12.19 1 1
sql/test/stringDistance.go:12.19,13.19 1 1
sql/test/stringDistance.go:13.19,15.4 1 1
sql/test/stringDistance.go:17.2,17.13 1 1
